
> vikas-electronics-node-react@1.0.0 dev
> concurrently "npm.cmd run dev --prefix server" "npm.cmd run dev --prefix client"

[0] 
[0] > vikas-electronics-api@1.0.0 dev
[0] > nodemon src/index.js
[0] 
[1] 
[1] > vikas-electronics-client@1.0.0 dev
[1] > vite --host 0.0.0.0
[1] 
[0] [33m[nodemon] 3.1.14[39m
[0] [33m[nodemon] to restart at any time, enter `rs`[39m
[0] [33m[nodemon] watching path(s): *.*[39m
[0] [33m[nodemon] watching extensions: js,mjs,cjs,json[39m
[0] [32m[nodemon] starting `node src/index.js`[39m
[1] Port 5173 is in use, trying another one...
[1] 
[1]   [32m[1mVITE[22m v6.4.3[39m  [2mready in [0m[1m883[22m[2m[0m ms[22m
[1] 
[1]   [32mΓ₧£[39m  [1mLocal[22m:   [36mhttp://localhost:[1m5174[22m/[39m
[1]   [32mΓ₧£[39m  [1mNetwork[22m: [36mhttp://192.168.1.39:[1m5174[22m/[39m
[0] node:events:487
[0]       throw er; // Unhandled 'error' event
[0]       ^
[0] 
[0] Error: listen EADDRINUSE: address already in use :::4100
[0]     at Server.setupListenHandle [as _listen2] (node:net:2008:16)
[0]     at listenInCluster (node:net:2065:12)
[0]     at Server.listen (node:net:2170:7)
[0]     at app.listen (D:\xampp\htdocs\vikas-electronics-node-react\server\node_modules\express\lib\application.js:635:24)
[0]     at file:///D:/xampp/htdocs/vikas-electronics-node-react/server/src/index.js:32:5
[0]     at ModuleJob.run (node:internal/modules/esm/module_job:437:25)
[0]     at process.processTicksAndRejections (node:internal/process/task_queues:104:5)
[0]     at async node:internal/modules/esm/loader:639:26
[0]     at async asyncRunEntryPointWithESMLoader (node:internal/modules/run_main:101:5)
[0] Emitted 'error' event on Server instance at:
[0]     at emitErrorNT (node:net:2044:8)
[0]     at process.processTicksAndRejections (node:internal/process/task_queues:90:21) {
[0]   code: 'EADDRINUSE',
[0]   errno: -4091,
[0]   syscall: 'listen',
[0]   address: '::',
[0]   port: 4100
[0] }
[0] 
[0] Node.js v24.15.0
[0] [31m[nodemon] app crashed - waiting for file changes before starting...[39m
[1] [2m6:39:59 PM[22m [36m[1m[vite][22m[39m [90m[2m(client)[22m[39m [32mhmr update [39m[2m/src/App.jsx[22m
[1] [2m6:39:59 PM[22m [36m[1m[vite][22m[39m [90m[2m(client)[22m[39m [32mhmr update [39m[2m/src/App.jsx[22m
[1] [2m6:39:59 PM[22m [36m[1m[vite][22m[39m [90m[2m(client)[22m[39m [32mhmr update [39m[2m/src/App.jsx[22m
[1] [2m6:43:22 PM[22m [36m[1m[vite][22m[39m [90m[2m(client)[22m[39m [32mhmr update [39m[2m/src/styles/php-admin.css[22m
[1] [2m6:43:27 PM[22m [36m[1m[vite][22m[39m [90m[2m(client)[22m[39m [32mhmr update [39m[2m/src/styles/php-admin.css[22m
[1] [2m6:43:48 PM[22m [36m[1m[vite][22m[39m [90m[2m(client)[22m[39m [32mhmr update [39m[2m/src/styles/php-admin.css[22m
[1] [2m6:43:53 PM[22m [36m[1m[vite][22m[39m [90m[2m(client)[22m[39m [32mhmr update [39m[2m/src/styles/php-admin.css[22m
[1] npm.cmd run dev --prefix client exited with code 4294967295
